2026-04-01 00:14:10 [INFO] ============================================================
2026-04-01 00:14:10 [INFO] GRID BOT  ·  ADX + ATR  ·  Multi-Coin
2026-04-01 00:14:10 [INFO]   Levels:      10×2  (0.3% Abstand)
2026-04-01 00:14:10 [INFO]   Risk/Level:  $8.0  |  Max: $120.0
2026-04-01 00:14:10 [INFO]   ADX max:     22  |  ATR% max: 1.5%
2026-04-01 00:14:10 [INFO]   Breakout:    1.5×ATR  |  Re-Center: 0.4%
2026-04-01 00:14:10 [INFO] ============================================================
2026-04-01 00:14:10 [WARNING] Keine Coins konfiguriert – warte...
2026-04-01 00:15:10 [WARNING] Keine Coins konfiguriert – warte...
2026-04-01 00:16:02 [INFO] Shutdown-Signal – beende nach aktuellem Zyklus...
2026-04-01 00:16:02 [INFO] Shutdown-Signal – beende nach aktuellem Zyklus...
2026-04-01 00:16:05 [INFO] Shutdown-Signal – beende nach aktuellem Zyklus...
2026-04-01 00:16:05 [INFO] Shutdown-Signal – beende nach aktuellem Zyklus...
2026-04-01 00:16:05 [INFO] Shutdown-Signal – beende nach aktuellem Zyklus...
2026-04-01 00:16:06 [INFO] Shutdown-Signal – beende nach aktuellem Zyklus...
2026-04-01 00:16:07 [INFO] Shutdown-Signal – beende nach aktuellem Zyklus...
2026-04-01 00:16:08 [INFO] Shutdown-Signal – beende nach aktuellem Zyklus...
2026-04-01 00:16:08 [INFO] Shutdown-Signal – beende nach aktuellem Zyklus...
2026-04-01 00:16:10 [INFO] Bot wird beendet – alle Grids schließen...
2026-04-01 00:16:10 [INFO] Bye.
